[2026-02-02T08:22:20.763+0000] {manager.py:470} INFO - Processing files using up to 2 processes at a time 
[2026-02-02T08:22:20.769+0000] {manager.py:471} INFO - Process each file at most once every 30 seconds
[2026-02-02T08:22:20.772+0000] {manager.py:472} INFO - Checking for new files in /opt/airflow/dags every 300 seconds
[2026-02-02T08:22:20.773+0000] {manager.py:737} INFO - Searching for files in /opt/airflow/dags
[2026-02-02T08:22:20.786+0000] {manager.py:740} INFO - There are 1 files in /opt/airflow/dags
[2026-02-02T08:22:20.875+0000] {manager.py:878} INFO - 
================================================================================
DAG File Processing Stats

File Path                                       PID  Runtime      # DAGs    # Errors  Last Runtime    Last Run
--------------------------------------------  -----  ---------  --------  ----------  --------------  ----------
/opt/airflow/dags/simple_temperature_task.py     33  0.04s             0           0
================================================================================
[2026-02-02T08:22:50.974+0000] {manager.py:878} INFO - 
================================================================================
DAG File Processing Stats

File Path                                     PID    Runtime      # DAGs    # Errors  Last Runtime    Last Run
--------------------------------------------  -----  ---------  --------  ----------  --------------  -------------------
/opt/airflow/dags/simple_temperature_task.py                           1           0  1.00s           2026-02-02T08:22:21
================================================================================
[2026-02-02T08:23:21.115+0000] {manager.py:878} INFO - 
================================================================================
DAG File Processing Stats

File Path                                     PID    Runtime      # DAGs    # Errors  Last Runtime    Last Run
--------------------------------------------  -----  ---------  --------  ----------  --------------  -------------------
/opt/airflow/dags/simple_temperature_task.py                           1           0  0.45s           2026-02-02T08:22:52
================================================================================
[2026-02-02T08:23:51.691+0000] {manager.py:878} INFO - 
================================================================================
DAG File Processing Stats

File Path                                     PID    Runtime      # DAGs    # Errors  Last Runtime    Last Run
--------------------------------------------  -----  ---------  --------  ----------  --------------  -------------------
/opt/airflow/dags/simple_temperature_task.py                           1           0  0.33s           2026-02-02T08:23:22
================================================================================
[2026-02-02T08:24:22.140+0000] {manager.py:878} INFO - 
================================================================================
DAG File Processing Stats

File Path                                     PID    Runtime      # DAGs    # Errors  Last Runtime    Last Run
--------------------------------------------  -----  ---------  --------  ----------  --------------  -------------------
/opt/airflow/dags/simple_temperature_task.py                           1           0  0.30s           2026-02-02T08:23:53
================================================================================
[2026-02-02T08:24:52.586+0000] {manager.py:878} INFO - 
================================================================================
DAG File Processing Stats

File Path                                     PID    Runtime      # DAGs    # Errors  Last Runtime    Last Run
--------------------------------------------  -----  ---------  --------  ----------  --------------  -------------------
/opt/airflow/dags/simple_temperature_task.py                           1           0  0.34s           2026-02-02T08:24:23
================================================================================
[2026-02-02T08:25:23.049+0000] {manager.py:878} INFO - 
================================================================================
DAG File Processing Stats

File Path                                     PID    Runtime      # DAGs    # Errors  Last Runtime    Last Run
--------------------------------------------  -----  ---------  --------  ----------  --------------  -------------------
/opt/airflow/dags/simple_temperature_task.py                           1           0  0.33s           2026-02-02T08:24:54
================================================================================
[2026-02-02T08:25:53.517+0000] {manager.py:878} INFO - 
================================================================================
DAG File Processing Stats

File Path                                     PID    Runtime      # DAGs    # Errors  Last Runtime    Last Run
--------------------------------------------  -----  ---------  --------  ----------  --------------  -------------------
/opt/airflow/dags/simple_temperature_task.py                           1           0  0.46s           2026-02-02T08:25:24
================================================================================
[2026-02-02T08:26:24.109+0000] {manager.py:878} INFO - 
================================================================================
DAG File Processing Stats

File Path                                     PID    Runtime      # DAGs    # Errors  Last Runtime    Last Run
--------------------------------------------  -----  ---------  --------  ----------  --------------  -------------------
/opt/airflow/dags/simple_temperature_task.py                           1           0  0.31s           2026-02-02T08:25:55
================================================================================
[2026-02-02T08:26:54.544+0000] {manager.py:878} INFO - 
================================================================================
DAG File Processing Stats

File Path                                     PID    Runtime      # DAGs    # Errors  Last Runtime    Last Run
--------------------------------------------  -----  ---------  --------  ----------  --------------  -------------------
/opt/airflow/dags/simple_temperature_task.py                           1           0  0.31s           2026-02-02T08:26:25
================================================================================
[2026-02-02T08:27:20.962+0000] {manager.py:737} INFO - Searching for files in /opt/airflow/dags
[2026-02-02T08:27:20.975+0000] {manager.py:740} INFO - There are 1 files in /opt/airflow/dags
[2026-02-02T08:27:23.534+0000] {manager.py:452} INFO - Exiting gracefully upon receiving signal 15
