[2026-02-02T08:24:22.343+0000] {local_task_job_runner.py:120} INFO - ::group::Pre task execution logs
[2026-02-02T08:24:22.369+0000] {taskinstance.py:2076} INFO - Dependencies all met for dep_context=non-requeueable deps ti=<TaskInstance: simple_temperature_task.transform_temperature manual__2026-02-02T08:24:15.648546+00:00 [queued]>
[2026-02-02T08:24:22.376+0000] {taskinstance.py:2076} INFO - Dependencies all met for dep_context=requeueable deps ti=<TaskInstance: simple_temperature_task.transform_temperature manual__2026-02-02T08:24:15.648546+00:00 [queued]>
[2026-02-02T08:24:22.377+0000] {taskinstance.py:2306} INFO - Starting attempt 1 of 1
[2026-02-02T08:24:22.387+0000] {taskinstance.py:2330} INFO - Executing <Task(PythonOperator): transform_temperature> on 2026-02-02 08:24:15.648546+00:00
[2026-02-02T08:24:22.393+0000] {standard_task_runner.py:90} INFO - Running: ['***', 'tasks', 'run', 'simple_temperature_task', 'transform_temperature', 'manual__2026-02-02T08:24:15.648546+00:00', '--job-id', '61', '--raw', '--subdir', 'DAGS_FOLDER/simple_temperature_task.py', '--cfg-path', '/tmp/tmp5hptii8r']
[2026-02-02T08:24:22.396+0000] {standard_task_runner.py:91} INFO - Job 61: Subtask transform_temperature
[2026-02-02T08:24:22.396+0000] {logging_mixin.py:188} WARNING - /home/***/.local/lib/python3.12/site-packages/***/task/task_runner/standard_task_runner.py:62 DeprecationWarning: This process (pid=61) is multi-threaded, use of fork() may lead to deadlocks in the child.
[2026-02-02T08:24:22.397+0000] {standard_task_runner.py:64} INFO - Started process 78 to run task
[2026-02-02T08:24:22.449+0000] {task_command.py:426} INFO - Running <TaskInstance: simple_temperature_task.transform_temperature manual__2026-02-02T08:24:15.648546+00:00 [running]> on host 0fd667f48f9e
[2026-02-02T08:24:22.523+0000] {taskinstance.py:2648} INFO - Exporting env vars: AIRFLOW_CTX_DAG_OWNER='student' AIRFLOW_CTX_DAG_ID='simple_temperature_task' AIRFLOW_CTX_TASK_ID='transform_temperature' AIRFLOW_CTX_EXECUTION_DATE='2026-02-02T08:24:15.648546+00:00' AIRFLOW_CTX_TRY_NUMBER='1' AIRFLOW_CTX_DAG_RUN_ID='manual__2026-02-02T08:24:15.648546+00:00'
[2026-02-02T08:24:22.525+0000] {taskinstance.py:430} INFO - ::endgroup::
[2026-02-02T08:24:22.600+0000] {logging_mixin.py:188} INFO - 97606 записей
[2026-02-02T08:24:22.601+0000] {logging_mixin.py:188} INFO - 
1. Фильтр: out/in = 'In'
[2026-02-02T08:24:22.610+0000] {logging_mixin.py:188} INFO -    Осталось: 20345 записей
[2026-02-02T08:24:22.611+0000] {logging_mixin.py:188} INFO - 
2. Преобразование даты
[2026-02-02T08:24:22.647+0000] {logging_mixin.py:188} INFO -    Диапазон дат: 2018-07-28 - 2018-12-08
[2026-02-02T08:24:22.648+0000] {logging_mixin.py:188} INFO - 
3. Очистка температуры (5-й и 95-й процентиль)
[2026-02-02T08:24:22.649+0000] {logging_mixin.py:188} INFO -    5-й процентиль: 27.00°C
[2026-02-02T08:24:22.650+0000] {logging_mixin.py:188} INFO -    95-й процентиль: 34.00°C
[2026-02-02T08:24:22.652+0000] {logging_mixin.py:188} INFO -    До очистки: 21.0 - 41.0°C
[2026-02-02T08:24:22.652+0000] {logging_mixin.py:188} INFO -    После очистки: 27.0 - 34.0°C
[2026-02-02T08:24:22.653+0000] {logging_mixin.py:188} INFO - 
4. Поиск самых жарких/холодных дней
[2026-02-02T08:24:22.658+0000] {logging_mixin.py:188} INFO - 
   5-Самых жарких дней:
[2026-02-02T08:24:22.658+0000] {logging_mixin.py:188} INFO -       2018-09-22: 34.0°C
[2026-02-02T08:24:22.659+0000] {logging_mixin.py:188} INFO -       2018-09-30: 34.0°C
[2026-02-02T08:24:22.659+0000] {logging_mixin.py:188} INFO -       2018-10-11: 34.0°C
[2026-02-02T08:24:22.659+0000] {logging_mixin.py:188} INFO -       2018-10-14: 34.0°C
[2026-02-02T08:24:22.660+0000] {logging_mixin.py:188} INFO -       2018-09-29: 33.8°C
[2026-02-02T08:24:22.660+0000] {logging_mixin.py:188} INFO - 
   5-Самых холодных дней:
[2026-02-02T08:24:22.660+0000] {logging_mixin.py:188} INFO -       2018-09-06: 27.3°C
[2026-02-02T08:24:22.661+0000] {logging_mixin.py:188} INFO -       2018-12-04: 27.8°C
[2026-02-02T08:24:22.661+0000] {logging_mixin.py:188} INFO -       2018-09-05: 27.9°C
[2026-02-02T08:24:22.662+0000] {logging_mixin.py:188} INFO -       2018-12-06: 27.9°C
[2026-02-02T08:24:22.662+0000] {logging_mixin.py:188} INFO -       2018-11-28: 28.1°C
[2026-02-02T08:24:22.674+0000] {logging_mixin.py:188} INFO - 
============================================================
[2026-02-02T08:24:22.675+0000] {logging_mixin.py:188} INFO - ============================================================
[2026-02-02T08:24:22.678+0000] {python.py:237} INFO - Done. Returned value was: {'processed_records': 20345, 'hottest_days': [{'date': datetime.date(2018, 9, 22), 'avg_temp': 34.0}, {'date': datetime.date(2018, 9, 30), 'avg_temp': 34.0}, {'date': datetime.date(2018, 10, 11), 'avg_temp': 34.0}, {'date': datetime.date(2018, 10, 14), 'avg_temp': 34.0}, {'date': datetime.date(2018, 9, 29), 'avg_temp': 33.795180722891565}], 'coldest_days': [{'date': datetime.date(2018, 9, 6), 'avg_temp': 27.327493261455526}, {'date': datetime.date(2018, 12, 4), 'avg_temp': 27.812849162011172}, {'date': datetime.date(2018, 9, 5), 'avg_temp': 27.88888888888889}, {'date': datetime.date(2018, 12, 6), 'avg_temp': 27.90686274509804}, {'date': datetime.date(2018, 11, 28), 'avg_temp': 28.06896551724138}], 'result_path': '/tmp/temperature_transformed.parquet'}
[2026-02-02T08:24:22.679+0000] {taskinstance.py:441} INFO - ::group::Post task execution logs
[2026-02-02T08:24:22.700+0000] {taskinstance.py:1206} INFO - Marking task as SUCCESS. dag_id=simple_temperature_task, task_id=transform_temperature, run_id=manual__2026-02-02T08:24:15.648546+00:00, execution_date=20260202T082415, start_date=20260202T082422, end_date=20260202T082422
[2026-02-02T08:24:22.731+0000] {local_task_job_runner.py:243} INFO - Task exited with return code 0
[2026-02-02T08:24:22.748+0000] {taskinstance.py:3503} INFO - 1 downstream tasks scheduled from follow-on schedule check
[2026-02-02T08:24:22.750+0000] {local_task_job_runner.py:222} INFO - ::endgroup::
